// Jest Snapshot v1, https://goo.gl/fbAQLP

exports[`ErrorBoundary container renders its children without adding UI 1`] = `
<div>
  <div>
    This is fine.
  </div>
</div>
`;
